primiparity true
nematologists true
buffin true
valedictory true
multisyllabic true
nootropics true
bonheur true
rarcuitherrivation false
ensectoryxes false
qh'btckiapwxgy'gbpgco false
gyrophoran false
butterjags true
uterus's true
dise false
organogold true
impugnments true
unchershines false
uuitjgxg'mpkjtsvwt false
fantharicellagraphy false
cous false
otalgias true
icettinsic false
loperel's false
clwm false
pinnaces true
klavier true
lamentulum false
freemasonic true
fkgjttxjafplegdnjh false
carrsville true
bircher's true
dormallowing false
antimicronesian false
nqemrwahvoqzj'cyyndgwxhpxvvrn false
ranula true
geraniums true
chobeang false
prothalmious false
chapacktasigynodrome false
mnator false
yogin true
masoola true
vola's true
frings false
braeman true
musculofibrous true
spenders true
pillsbury true
tead's false
unonily false
medora true
primitive true
jtwbmqnngppxoupc false
subintelligitur true
zamat false
umeboshing false
actinomycin true
perspecial's false
drusier true
marinistic's true
monochlor true
stagmometers false
slipways true
squiquornia false
rainbird's true
typhotoxine true
copentic false
overmi false
peien false
crataeis true
subjacence false
cisation false
bespices true
lessard true
polycodiums false
penated false
lavirging false
fredville true
cocatespulkat false
pronomestima false
ecarte's true
shivering true
wendy true
jason true
thiangy false
jlbdvvqrlnthepouxk false
madmen true
rebeginnings false
inclemencies true
remarque true
wyoming's true
x'kgonaibmtnbhqfn false
kinshasa's true
navarro true
assigner's true
stranders true
irpqsoreqfl'ivcdvekrxfd false
womenfolk true
otcogeoxincaberk false
vaseline true
